// Jest Snapshot v1, https://goo.gl/fbAQLP

exports[`CloseButton renders without props 1`] = `
.c1 {
  -webkit-flex: none;
  -ms-flex: none;
  flex: none;
  line-height: 1;
  width: 24px;
}

.c2 {
  outline: none;
}

.c0 {
  -webkit-font-smoothing: antialiased;
  display: inline-block;
  vertical-align: middle;
  text-align: center;
  -webkit-text-decoration: none;
  text-decoration: none;
  font-family: inherit;
  font-weight: 700;
  line-height: 1.5;
  cursor: pointer;
  border-radius: 2px;
  border-width: 0;
  border-style: solid;
  background-color: transparent;
  color: #0068ef;
  padding: 0;
  background-color: transparent;
  color: inherit;
  background-color: transparent;
  color: #0068ef;
  padding: 10px;
}

.c0:hover {
  background-color: #f4f6f8;
  color: #049;
}

.c0:focus {
  outline: 0px solid #049;
  box-shadow: 0 0 0 2px #049;
}

.c0:disabled {
  cursor: not-allowed;
  color: #4f6f8f;
  background-color: #edf0f3;
}

.c0:hover {
  background-color: transparent;
  color: inherit;
}

.c0 > div {
  display: -webkit-box;
  display: -webkit-flex;
  display: -ms-flexbox;
  display: flex;
}

.c0:disabled {
  background-color: transparent;
}

.c0:hover {
  background-color: #f4f6f8;
  color: #049;
}

.c0:focus {
  outline: 0px solid #049;
  box-shadow: 0 0 0 2px #049;
}

<button
  aria-label="close"
  className="c0"
  color="primary"
  size={24}
  title="close"
>
  <div>
    <svg
      aria-hidden={true}
      className="c1 c2"
      fill="currentcolor"
      focusable={false}
      height={24}
      role="img"
      tabIndex={-1}
      viewBox="0 0 24 24"
      width={24}
      xmlns="http://www.w3.org/2000/svg"
    >
      <path
        d="M19 6.4L17.6 5 12 10.6 6.4 5 5 6.4l5.6 5.6L5 17.6 6.4 19l5.6-5.6 5.6 5.6 1.4-1.4-5.6-5.6L19 6.4z"
      />
    </svg>
  </div>
</button>
`;
